\BOOKMARK [1][-]{section.1}{\376\377\000I\000n\000t\000r\000o\000d\000u\000k\000t\000i\000o\000n}{}% 1
\BOOKMARK [2][-]{subsection.1.1}{\376\377\000P\000r\000o\000j\000e\000k\000t\000e\000t\000s\000\040\000F\000o\000r\000m\000\345\000l}{section.1}% 2
\BOOKMARK [2][-]{subsection.1.2}{\376\377\000A\000f\000g\000r\000\346\000n\000s\000n\000i\000n\000g}{section.1}% 3
\BOOKMARK [1][-]{section.2}{\376\377\000S\000y\000s\000t\000e\000m\000-\000A\000r\000k\000i\000t\000e\000k\000t\000u\000r}{}% 4
\BOOKMARK [2][-]{subsection.2.1}{\376\377\000O\000v\000e\000r\000o\000r\000d\000n\000e\000t\000\040\000D\000e\000s\000i\000g\000n}{section.2}% 5
\BOOKMARK [2][-]{subsection.2.2}{\376\377\000K\000o\000m\000p\000o\000n\000e\000n\000t\000\040\000D\000i\000a\000g\000r\000a\000m}{section.2}% 6
\BOOKMARK [2][-]{subsection.2.3}{\376\377\000K\000o\000m\000p\000o\000n\000e\000n\000t\000e\000r}{section.2}% 7
\BOOKMARK [3][-]{subsubsection.2.3.1}{\376\377\000A\000u\000d\000i\000t\000L\000o\000g\000\040\000\050\000K\000e\000r\000n\000e\000\051}{subsection.2.3}% 8
\BOOKMARK [3][-]{subsubsection.2.3.2}{\376\377\000K\000e\000y\000M\000a\000n\000a\000g\000e\000r}{subsection.2.3}% 9
\BOOKMARK [3][-]{subsubsection.2.3.3}{\376\377\000L\000o\000g\000V\000e\000r\000i\000f\000i\000e\000r}{subsection.2.3}% 10
\BOOKMARK [3][-]{subsubsection.2.3.4}{\376\377\000J\000s\000o\000n\000L\000o\000g\000S\000t\000o\000r\000a\000g\000e}{subsection.2.3}% 11
\BOOKMARK [1][-]{section.3}{\376\377\000D\000a\000t\000a\000m\000o\000d\000e\000l\000l\000e\000r}{}% 12
\BOOKMARK [2][-]{subsection.3.1}{\376\377\000P\000r\000i\000m\000\346\000r\000e\000\040\000D\000a\000t\000a\000s\000t\000r\000u\000k\000t\000u\000r\000e\000r}{section.3}% 13
\BOOKMARK [3][-]{subsubsection.3.1.1}{\376\377\000S\000t\000r\000u\000k\000t\000u\000r\000\040\0001}{subsection.3.1}% 14
\BOOKMARK [3][-]{subsubsection.3.1.2}{\376\377\000S\000t\000r\000u\000k\000t\000u\000r\000\040\0002}{subsection.3.1}% 15
\BOOKMARK [1][-]{section.4}{\376\377\000I\000m\000p\000l\000e\000m\000e\000n\000t\000e\000r\000i\000n\000g}{}% 16
\BOOKMARK [2][-]{subsection.4.1}{\376\377\000T\000e\000k\000n\000o\000l\000o\000g\000i\000v\000a\000l\000g}{section.4}% 17
\BOOKMARK [2][-]{subsection.4.2}{\376\377\000C\000e\000n\000t\000r\000a\000l\000e\000\040\000F\000u\000n\000k\000t\000i\000o\000n\000e\000r}{section.4}% 18
\BOOKMARK [3][-]{subsubsection.4.2.1}{\376\377\000F\000u\000n\000k\000t\000i\000o\000n\000\040\0001}{subsection.4.2}% 19
\BOOKMARK [3][-]{subsubsection.4.2.2}{\376\377\000F\000u\000n\000k\000t\000i\000o\000n\000\040\0002}{subsection.4.2}% 20
\BOOKMARK [2][-]{subsection.4.3}{\376\377\000L\000a\000g\000r\000i\000n\000g\000\040\000o\000g\000\040\000P\000e\000r\000s\000i\000s\000t\000e\000r\000i\000n\000g}{section.4}% 21
\BOOKMARK [1][-]{section.5}{\376\377\000V\000e\000r\000i\000f\000i\000k\000a\000t\000i\000o\000n\000\040\000o\000g\000\040\000T\000e\000s\000t}{}% 22
\BOOKMARK [2][-]{subsection.5.1}{\376\377\000T\000e\000s\000t\000-\000S\000t\000r\000a\000t\000e\000g\000i}{section.5}% 23
\BOOKMARK [2][-]{subsection.5.2}{\376\377\000D\000e\000m\000o\000n\000s\000t\000r\000a\000t\000i\000v\000\040\000T\000e\000s\000t}{section.5}% 24
\BOOKMARK [1][-]{section.6}{\376\377\000K\000i\000l\000d\000e\000k\000o\000d\000e\000-\000O\000v\000e\000r\000s\000i\000g\000t}{}% 25
\BOOKMARK [2][-]{subsection.6.1}{\376\377\000V\000i\000g\000t\000i\000g\000e\000\040\000F\000i\000l\000e\000r}{section.6}% 26
\BOOKMARK [2][-]{subsection.6.2}{\376\377\000K\000o\000d\000e\000s\000t\000u\000k\000t\000u\000r}{section.6}% 27
\BOOKMARK [1][-]{section.7}{\376\377\000K\000o\000n\000k\000l\000u\000s\000i\000o\000n}{}% 28
